  C31.cpp
E:\C_review\C_100\Project31\C31.cpp(6,10): warning C4473: “scanf_s”: 没有为格式字符串传递足够的参数
      E:\C_review\C_100\Project31\C31.cpp(6,10):
      占位符和其参数预计 2 可变参数，但提供的却是 1 参数
      E:\C_review\C_100\Project31\C31.cpp(6,10):
      缺失的可变参数 2 为格式字符串“%c”所需
      E:\C_review\C_100\Project31\C31.cpp(6,10):
      此参数用作缓冲区大小
  
E:\C_review\C_100\Project31\C31.cpp(28,11): warning C4473: “scanf_s”: 没有为格式字符串传递足够的参数
      E:\C_review\C_100\Project31\C31.cpp(28,11):
      占位符和其参数预计 2 可变参数，但提供的却是 1 参数
      E:\C_review\C_100\Project31\C31.cpp(28,11):
      缺失的可变参数 2 为格式字符串“%c”所需
      E:\C_review\C_100\Project31\C31.cpp(28,11):
      此参数用作缓冲区大小
  
E:\C_review\C_100\Project31\C31.cpp(42,11): warning C4473: “scanf_s”: 没有为格式字符串传递足够的参数
      E:\C_review\C_100\Project31\C31.cpp(42,11):
      占位符和其参数预计 2 可变参数，但提供的却是 1 参数
      E:\C_review\C_100\Project31\C31.cpp(42,11):
      缺失的可变参数 2 为格式字符串“%c”所需
      E:\C_review\C_100\Project31\C31.cpp(42,11):
      此参数用作缓冲区大小
  
  Project31.vcxproj -> E:\C_review\C_100\Project31\x64\Debug\Project31.exe
